\BOOKMARK [0][-]{section*.8}{\376\377\000A\000b\000s\000t\000r\000a\000c\000t}{}% 1
\BOOKMARK [0][-]{chapter*.10}{\376\377\000A\000c\000k\000n\000o\000w\000l\000e\000d\000g\000e\000m\000e\000n\000t\000s}{}% 2
\BOOKMARK [0][-]{chapter*.12}{\376\377\000L\000i\000s\000t\000\040\000o\000f\000\040\000F\000i\000g\000u\000r\000e\000s}{}% 3
\BOOKMARK [0][-]{chapter*.13}{\376\377\000L\000i\000s\000t\000\040\000o\000f\000\040\000T\000a\000b\000l\000e\000s}{}% 4
\BOOKMARK [0][-]{chapter*.14}{\376\377\000L\000i\000s\000t\000\040\000o\000f\000\040\000A\000b\000b\000r\000e\000v\000i\000a\000t\000i\000o\000n\000s}{}% 5
\BOOKMARK [0][-]{chapter*.16}{\376\377\000P\000h\000y\000s\000i\000c\000a\000l\000\040\000C\000o\000n\000s\000t\000a\000n\000t\000s}{}% 6
\BOOKMARK [0][-]{chapter*.18}{\376\377\000L\000i\000s\000t\000\040\000o\000f\000\040\000S\000y\000m\000b\000o\000l\000s}{}% 7
\BOOKMARK [0][-]{chapter.21}{\376\377\000I\000n\000t\000r\000o\000d\000u\000c\000t\000i\000o\000n}{}% 8
\BOOKMARK [1][-]{section.22}{\376\377\000B\000a\000c\000k\000g\000r\000o\000u\000n\000d\000\040\000a\000n\000d\000\040\000M\000o\000t\000i\000v\000a\000t\000i\000o\000n}{chapter.21}% 9
\BOOKMARK [1][-]{section.23}{\376\377\000P\000r\000o\000j\000e\000c\000t\000\040\000C\000o\000n\000t\000e\000x\000t\000\040\000a\000n\000d\000\040\000P\000h\000a\000s\000e\000s}{chapter.21}% 10
\BOOKMARK [1][-]{section.24}{\376\377\000P\000r\000o\000b\000l\000e\000m\000\040\000S\000t\000a\000t\000e\000m\000e\000n\000t}{chapter.21}% 11
\BOOKMARK [1][-]{section.25}{\376\377\000C\000o\000n\000t\000r\000i\000b\000u\000t\000i\000o\000n\000s}{chapter.21}% 12
\BOOKMARK [1][-]{section.26}{\376\377\000O\000r\000g\000a\000n\000i\000z\000a\000t\000i\000o\000n\000\040\000o\000f\000\040\000t\000h\000e\000\040\000T\000h\000e\000s\000i\000s}{chapter.21}% 13
\BOOKMARK [0][-]{chapter.27}{\376\377\000L\000i\000t\000e\000r\000a\000t\000u\000r\000e\000\040\000R\000e\000v\000i\000e\000w}{}% 14
\BOOKMARK [1][-]{section.28}{\376\377\000M\000o\000n\000o\000l\000i\000n\000g\000u\000a\000l\000\040\000E\000n\000t\000i\000t\000y\000\040\000L\000i\000n\000k\000i\000n\000g}{chapter.27}% 15
\BOOKMARK [1][-]{section.29}{\376\377\000M\000u\000l\000t\000i\000l\000i\000n\000g\000u\000a\000l\000\040\000E\000n\000t\000i\000t\000y\000\040\000L\000i\000n\000k\000i\000n\000g}{chapter.27}% 16
\BOOKMARK [1][-]{section.30}{\376\377\000H\000i\000s\000t\000o\000r\000i\000c\000a\000l\000\040\000E\000n\000t\000i\000t\000y\000\040\000L\000i\000n\000k\000i\000n\000g}{chapter.27}% 17
\BOOKMARK [1][-]{section.31}{\376\377\000L\000L\000M\000-\000A\000s\000s\000i\000s\000t\000e\000d\000\040\000U\000n\000s\000u\000p\000e\000r\000v\000i\000s\000e\000d\000\040\000L\000i\000n\000k\000i\000n\000g}{chapter.27}% 18
\BOOKMARK [0][-]{chapter.32}{\376\377\000M\000e\000t\000h\000o\000d\000s}{}% 19
\BOOKMARK [1][-]{section.33}{\376\377\000P\000h\000a\000s\000e\000\040\000I\000:\000\040\000M\000o\000n\000o\000l\000i\000n\000g\000u\000a\000l\000\040\000E\000n\000t\000i\000t\000y\000\040\000L\000i\000n\000k\000i\000n\000g}{chapter.32}% 20
\BOOKMARK [2][-]{subsection.34}{\376\377\000B\000L\000I\000N\000K\000\040\000B\000a\000s\000e\000l\000i\000n\000e}{section.33}% 21
\BOOKMARK [2][-]{subsection.38}{\376\377\000M\000u\000l\000t\000i\000-\000V\000i\000e\000w\000\040\000E\000n\000h\000a\000n\000c\000e\000d\000\040\000D\000i\000s\000t\000i\000l\000l\000a\000t\000i\000o\000n\000\040\000\050\000M\000V\000D\000\051}{section.33}% 22
\BOOKMARK [1][-]{section.39}{\376\377\000P\000h\000a\000s\000e\000\040\000I\000I\000:\000\040\000M\000u\000l\000t\000i\000l\000i\000n\000g\000u\000a\000l\000\040\000E\000n\000t\000i\000t\000y\000\040\000L\000i\000n\000k\000i\000n\000g}{chapter.32}% 23
\BOOKMARK [2][-]{subsection.40}{\376\377\000m\000R\000e\000F\000i\000n\000E\000D\000\040\000R\000e\000p\000r\000o\000d\000u\000c\000t\000i\000o\000n\000\040\000P\000l\000a\000n}{section.39}% 24
\BOOKMARK [2][-]{subsection.45}{\376\377\000R\000e\000p\000r\000o\000d\000u\000c\000t\000i\000o\000n\000\040\000F\000i\000x\000e\000s\000\040\000a\000n\000d\000\040\000C\000o\000m\000p\000a\000t\000i\000b\000i\000l\000i\000t\000y\000\040\000P\000a\000t\000c\000h\000e\000s}{section.39}% 25
\BOOKMARK [2][-]{subsection.46}{\376\377\000T\000R\0002\0000\0001\0006\000\040\000O\000f\000f\000s\000e\000t\000\040\000V\000a\000l\000i\000d\000a\000t\000i\000o\000n\000\040\000F\000i\000x}{section.39}% 26
\BOOKMARK [1][-]{section.47}{\376\377\000M\000H\000E\000L\000-\000L\000L\000a\000M\000o\000\040\000I\000m\000p\000l\000e\000m\000e\000n\000t\000a\000t\000i\000o\000n}{chapter.32}% 27
\BOOKMARK [2][-]{subsection.51}{\376\377\000P\000i\000p\000e\000l\000i\000n\000e\000\040\000I\000m\000p\000r\000o\000v\000e\000m\000e\000n\000t\000s}{section.47}% 28
\BOOKMARK [1][-]{section.52}{\376\377\000E\000v\000a\000l\000u\000a\000t\000i\000o\000n\000\040\000M\000e\000t\000r\000i\000c\000s}{chapter.32}% 29
\BOOKMARK [0][-]{chapter.53}{\376\377\000R\000e\000s\000u\000l\000t\000s\000\040\000a\000n\000d\000\040\000P\000o\000s\000t\000-\000M\000i\000d\000-\000S\000e\000m\000e\000s\000t\000e\000r\000\040\000F\000o\000c\000u\000s}{}% 30
\BOOKMARK [1][-]{section.54}{\376\377\000B\000r\000i\000e\000f\000\040\000P\000r\000e\000-\000M\000i\000d\000\040\000S\000e\000m\000e\000s\000t\000e\000r\000\040\000S\000u\000m\000m\000a\000r\000y}{chapter.53}% 31
\BOOKMARK [1][-]{section.57}{\376\377\000I\000n\000f\000r\000a\000s\000t\000r\000u\000c\000t\000u\000r\000e\000\040\000a\000n\000d\000\040\000E\000x\000e\000c\000u\000t\000i\000o\000n\000\040\000D\000e\000t\000a\000i\000l\000s}{chapter.53}% 32
\BOOKMARK [2][-]{subsection.60}{\376\377\000C\000r\000i\000t\000i\000c\000a\000l\000\040\000F\000i\000x\000e\000s\000\040\000A\000p\000p\000l\000i\000e\000d}{section.57}% 33
\BOOKMARK [1][-]{section.62}{\376\377\000C\000o\000n\000t\000r\000i\000b\000u\000t\000i\000o\000n\000\040\000S\000p\000l\000i\000t\000\040\000\050\000O\000u\000r\000\040\0003\0000\000\045\000,\000\040\000P\000a\000p\000e\000r\000\040\0007\0000\000\045\000\051}{chapter.53}% 34
\BOOKMARK [2][-]{subsection.63}{\376\377\000M\000e\000a\000s\000u\000r\000e\000d\000\040\000I\000m\000p\000r\000o\000v\000e\000m\000e\000n\000t\000s\000\040\000f\000r\000o\000m\000\040\000O\000u\000r\000\040\000E\000n\000g\000i\000n\000e\000e\000r\000i\000n\000g}{section.62}% 35
\BOOKMARK [1][-]{section.64}{\376\377\000P\000o\000s\000t\000-\000M\000i\000d\000\040\000S\000e\000m\000e\000s\000t\000e\000r\000:\000\040\000m\000R\000e\000F\000i\000n\000E\000D\000\040\000R\000e\000p\000r\000o\000d\000u\000c\000t\000i\000o\000n}{chapter.53}% 36
\BOOKMARK [2][-]{subsection.65}{\376\377\000R\000e\000p\000r\000o\000d\000u\000c\000t\000i\000o\000n\000\040\000S\000e\000t\000u\000p\000\040\000a\000n\000d\000\040\000F\000i\000x\000e\000s}{section.64}% 37
\BOOKMARK [2][-]{subsection.90}{\376\377\000M\000E\000W\000S\000L\000I\000-\0009\000\040\000R\000e\000s\000u\000l\000t\000s}{section.64}% 38
\BOOKMARK [2][-]{subsection.94}{\376\377\000M\000o\000d\000e\000l\000\040\000T\000u\000n\000i\000n\000g\000:\000\040\000X\000G\000B\000o\000o\000s\000t\000\040\000C\000o\000n\000f\000i\000d\000e\000n\000c\000e\000\040\000R\000o\000u\000t\000e\000r}{section.64}% 39
\BOOKMARK [2][-]{subsection.95}{\376\377\000P\000a\000r\000a\000m\000e\000t\000e\000r\000\040\000T\000u\000n\000i\000n\000g\000\040\000a\000n\000d\000\040\000P\000r\000a\000c\000t\000i\000c\000a\000l\000\040\000C\000o\000n\000s\000t\000r\000a\000i\000n\000t\000s}{section.64}% 40
\BOOKMARK [1][-]{section.97}{\376\377\000T\000R\0002\0000\0001\0006\000\040\000H\000a\000r\000d\000:\000\040\000O\000f\000f\000s\000e\000t\000\040\000C\000o\000r\000r\000u\000p\000t\000i\000o\000n\000\040\000a\000n\000d\000\040\000F\000i\000x}{chapter.53}% 41
\BOOKMARK [1][-]{section.105}{\376\377\000P\000o\000s\000t\000-\000M\000i\000d\000\040\000S\000e\000m\000e\000s\000t\000e\000r\000:\000\040\000M\000H\000E\000L\000-\000L\000L\000a\000M\000o\000\040\000I\000m\000p\000l\000e\000m\000e\000n\000t\000a\000t\000i\000o\000n}{chapter.53}% 42
\BOOKMARK [1][-]{section.106}{\376\377\000P\000o\000s\000t\000-\000M\000i\000d\000\040\000S\000e\000m\000e\000s\000t\000e\000r\000:\000\040\000M\000H\000E\000L\000-\000L\000L\000a\000M\000o\000\040\000I\000m\000p\000l\000e\000m\000e\000n\000t\000a\000t\000i\000o\000n}{chapter.53}% 43
\BOOKMARK [2][-]{subsection.113}{\376\377\000R\000e\000t\000r\000i\000e\000v\000e\000r\000\040\000F\000i\000x\000\040\000a\000n\000d\000\040\000R\000A\000G\000\040\000E\000n\000h\000a\000n\000c\000e\000m\000e\000n\000t}{section.106}% 44
\BOOKMARK [2][-]{subsection.122}{\376\377\000T\000h\000r\000e\000s\000h\000o\000l\000d\000\040\000C\000a\000l\000i\000b\000r\000a\000t\000i\000o\000n\000\040\000\050\000B\000e\000y\000o\000n\000d\000\040\000F\000i\000x\000e\000d\000\040\000T\000h\000r\000e\000s\000h\000o\000l\000d\000\051}{section.106}% 45
\BOOKMARK [2][-]{subsection.132}{\376\377\000B\000e\000n\000c\000h\000m\000a\000r\000k\000\040\000R\000e\000s\000u\000l\000t\000s}{section.106}% 46
\BOOKMARK [1][-]{section.135}{\376\377\000S\000u\000m\000m\000a\000r\000y\000\040\000o\000f\000\040\000P\000o\000s\000t\000-\000M\000i\000d\000\040\000F\000i\000n\000d\000i\000n\000g\000s}{chapter.53}% 47
\BOOKMARK [0][-]{chapter.136}{\376\377\000C\000o\000n\000c\000l\000u\000s\000i\000o\000n\000\040\000a\000n\000d\000\040\000F\000u\000t\000u\000r\000e\000\040\000W\000o\000r\000k}{}% 48
\BOOKMARK [1][-]{section.137}{\376\377\000S\000u\000m\000m\000a\000r\000y\000\040\000o\000f\000\040\000t\000h\000e\000\040\000W\000o\000r\000k}{chapter.136}% 49
\BOOKMARK [1][-]{section.138}{\376\377\000L\000i\000m\000i\000t\000a\000t\000i\000o\000n\000s}{chapter.136}% 50
\BOOKMARK [1][-]{section.139}{\376\377\000F\000u\000t\000u\000r\000e\000\040\000W\000o\000r\000k}{chapter.136}% 51
\BOOKMARK [0][-]{appendix.143}{\376\377\000R\000e\000p\000r\000o\000d\000u\000c\000i\000b\000i\000l\000i\000t\000y\000\040\000A\000p\000p\000e\000n\000d\000i\000x}{}% 52
\BOOKMARK [1][-]{section.144}{\376\377\000m\000R\000e\000F\000i\000n\000E\000D\000\040\000M\000E\000W\000S\000L\000I\000-\0009\000\040\000R\000e\000p\000r\000o\000d\000u\000c\000t\000i\000o\000n\000:\000\040\000K\000e\000y\000\040\000F\000i\000x\000e\000s}{appendix.143}% 53
\BOOKMARK [1][-]{section.151}{\376\377\000M\000E\000W\000S\000L\000I\000-\0009\000\040\000C\000o\000m\000m\000a\000n\000d\000\040\000T\000e\000m\000p\000l\000a\000t\000e}{appendix.143}% 54
\BOOKMARK [1][-]{section.152}{\376\377\000T\000R\0002\0000\0001\0006\000\040\000O\000f\000f\000s\000e\000t\000\040\000V\000a\000l\000i\000d\000a\000t\000i\000o\000n\000\040\000\050\000K\000e\000y\000\040\000I\000n\000s\000i\000g\000h\000t\000\051}{appendix.143}% 55
\BOOKMARK [1][-]{section.153}{\376\377\000M\000H\000E\000L\000-\000L\000L\000a\000M\000o\000\040\000B\000e\000s\000t\000-\000S\000e\000t\000t\000i\000n\000g\000s\000\040\000D\000r\000i\000v\000e\000r}{appendix.143}% 56
\BOOKMARK [0][-]{appendix.154}{\376\377\000M\000E\000W\000S\000L\000I\000-\0009\000\040\000D\000e\000t\000a\000i\000l\000e\000d\000\040\000R\000e\000s\000u\000l\000t\000s}{}% 57
\BOOKMARK [1][-]{section.156}{\376\377\000I\000n\000t\000e\000r\000p\000r\000e\000t\000a\000t\000i\000o\000n}{appendix.154}% 58
\BOOKMARK [0][-]{appendix.157}{\376\377\000M\000H\000E\000L\000-\000L\000L\000a\000M\000o\000\040\000H\000o\000n\000e\000s\000t\000\040\000E\000v\000a\000l\000u\000a\000t\000i\000o\000n\000\040\000S\000u\000m\000m\000a\000r\000y}{}% 59
\BOOKMARK [1][-]{section.159}{\376\377\000N\000o\000t\000e\000s}{appendix.157}% 60
\BOOKMARK [0][-]{appendix*.160}{\376\377\000B\000i\000b\000l\000i\000o\000g\000r\000a\000p\000h\000y}{}% 61
